[05:23:35] method=selafd seed=42 recipe=strong device=cuda run_dir=G:\zhanghe\Letter journal\EXPERIMENTSRESULT\REVISION_5090\public_baseline\runs_strong\selafd\seed42
[05:23:35] splits: train=644 val(source)=162 test77=418
[05:23:38] trainable=14.484M / total=100.28M
[05:23:39] native: opt=adam lr=0.0005 wd=0.0 grad_clip=1.0 ema_decay=0.995 ema_start=5 epochs=100 steps/epoch=40 ce_ls=0.05 model_cfg={'rank': 8, 'alpha': 8} aug=(intensity=0.08,noise=0.01,mask_p=0.4,mask_frac=0.06)
[05:23:47] ep 005/100 loss=0.4977 val_ema_f1=0.6759 test77_ema=0.1531/0.0687 lr=4.99e-04
[05:23:56] ep 010/100 loss=0.3189 val_ema_f1=0.9157 test77_ema=0.1507/0.0503 lr=4.94e-04
[05:24:04] ep 015/100 loss=0.3132 val_ema_f1=0.9057 test77_ema=0.1842/0.0993 lr=4.81e-04
[05:24:13] ep 020/100 loss=0.2739 val_ema_f1=0.9021 test77_ema=0.2010/0.1180 lr=4.63e-04
[05:24:22] ep 025/100 loss=0.2739 val_ema_f1=0.9088 test77_ema=0.1699/0.0830 lr=4.39e-04
[05:24:30] ep 030/100 loss=0.2851 val_ema_f1=0.9269 test77_ema=0.1627/0.0833 lr=4.11e-04
[05:24:39] ep 035/100 loss=0.2721 val_ema_f1=0.9211 test77_ema=0.1507/0.1017 lr=3.78e-04
[05:24:48] ep 040/100 loss=0.2670 val_ema_f1=0.9337 test77_ema=0.1722/0.1132 lr=3.41e-04
[05:24:56] ep 045/100 loss=0.2595 val_ema_f1=0.9206 test77_ema=0.1699/0.1114 lr=3.02e-04
[05:25:05] ep 050/100 loss=0.2560 val_ema_f1=0.9195 test77_ema=0.1986/0.1293 lr=2.62e-04
[05:25:14] ep 055/100 loss=0.2605 val_ema_f1=0.9399 test77_ema=0.1986/0.1388 lr=2.22e-04
[05:25:22] ep 060/100 loss=0.2548 val_ema_f1=0.9200 test77_ema=0.2033/0.1420 lr=1.82e-04
[05:25:31] ep 065/100 loss=0.2595 val_ema_f1=0.9193 test77_ema=0.1794/0.1328 lr=1.44e-04
[05:25:40] ep 070/100 loss=0.2540 val_ema_f1=0.9012 test77_ema=0.1914/0.1545 lr=1.09e-04
[05:25:49] ep 075/100 loss=0.2574 val_ema_f1=0.9189 test77_ema=0.1722/0.1384 lr=7.77e-05
[05:26:00] ep 080/100 loss=0.2541 val_ema_f1=0.9081 test77_ema=0.1507/0.1007 lr=5.08e-05
[05:26:10] ep 085/100 loss=0.2604 val_ema_f1=0.9192 test77_ema=0.1411/0.0816 lr=2.90e-05
[05:26:20] ep 090/100 loss=0.2538 val_ema_f1=0.9139 test77_ema=0.1483/0.0835 lr=1.31e-05
[05:26:29] ep 095/100 loss=0.2539 val_ema_f1=0.9139 test77_ema=0.1483/0.0834 lr=3.30e-06
[05:26:38] ep 100/100 loss=0.2539 val_ema_f1=0.9199 test77_ema=0.1459/0.0770 lr=8.19e-11
