[05:44:15] method=selafd seed=1234 recipe=strong device=cuda run_dir=G:\zhanghe\Letter journal\EXPERIMENTSRESULT\REVISION_5090\public_baseline\runs_strong\selafd\seed1234
[05:44:15] splits: train=644 val(source)=162 test77=418
[05:44:18] trainable=14.484M / total=100.28M
[05:44:18] native: opt=adam lr=0.0005 wd=0.0 grad_clip=1.0 ema_decay=0.995 ema_start=5 epochs=100 steps/epoch=40 ce_ls=0.05 model_cfg={'rank': 8, 'alpha': 8} aug=(intensity=0.08,noise=0.01,mask_p=0.4,mask_frac=0.06)
[05:44:26] ep 005/100 loss=0.3954 val_ema_f1=0.6969 test77_ema=0.2225/0.1670 lr=4.99e-04
[05:44:35] ep 010/100 loss=0.3330 val_ema_f1=0.9333 test77_ema=0.1818/0.0765 lr=4.94e-04
[05:44:43] ep 015/100 loss=0.2982 val_ema_f1=0.9256 test77_ema=0.1890/0.1006 lr=4.81e-04
[05:44:52] ep 020/100 loss=0.2908 val_ema_f1=0.9315 test77_ema=0.1914/0.1061 lr=4.63e-04
[05:45:03] ep 025/100 loss=0.2722 val_ema_f1=0.9315 test77_ema=0.1651/0.0828 lr=4.39e-04
[05:45:13] ep 030/100 loss=0.2871 val_ema_f1=0.9190 test77_ema=0.1914/0.1107 lr=4.11e-04
[05:45:23] ep 035/100 loss=0.2671 val_ema_f1=0.9193 test77_ema=0.2321/0.1450 lr=3.78e-04
[05:45:32] ep 040/100 loss=0.2727 val_ema_f1=0.9252 test77_ema=0.2703/0.1745 lr=3.41e-04
[05:45:40] ep 045/100 loss=0.2723 val_ema_f1=0.9377 test77_ema=0.2273/0.1217 lr=3.02e-04
[05:45:49] ep 050/100 loss=0.2542 val_ema_f1=0.9369 test77_ema=0.2177/0.1265 lr=2.62e-04
[05:45:58] ep 055/100 loss=0.2612 val_ema_f1=0.9111 test77_ema=0.1818/0.1018 lr=2.22e-04
[05:46:07] ep 060/100 loss=0.2611 val_ema_f1=0.9247 test77_ema=0.1770/0.0967 lr=1.82e-04
[05:46:16] ep 065/100 loss=0.2605 val_ema_f1=0.9253 test77_ema=0.1699/0.0856 lr=1.44e-04
[05:46:26] ep 070/100 loss=0.2593 val_ema_f1=0.9257 test77_ema=0.1722/0.0906 lr=1.09e-04
[05:46:35] ep 075/100 loss=0.2541 val_ema_f1=0.9323 test77_ema=0.1770/0.0987 lr=7.77e-05
[05:46:45] ep 080/100 loss=0.2553 val_ema_f1=0.9323 test77_ema=0.1794/0.1028 lr=5.08e-05
[05:46:54] ep 085/100 loss=0.2538 val_ema_f1=0.9384 test77_ema=0.1722/0.0916 lr=2.90e-05
[05:47:03] ep 090/100 loss=0.2539 val_ema_f1=0.9318 test77_ema=0.1722/0.0907 lr=1.31e-05
[05:47:12] ep 095/100 loss=0.2545 val_ema_f1=0.9317 test77_ema=0.1722/0.0911 lr=3.30e-06
[05:47:20] ep 100/100 loss=0.2539 val_ema_f1=0.9317 test77_ema=0.1722/0.0908 lr=8.19e-11
