[05:34:12] backbone=convnext_t (convnext_tiny.fb_in1k) seed=1234 recipe=strong device=cuda run_dir=G:\zhanghe\Letter journal\EXPERIMENTSRESULT\REVISION_5090\public_baseline\runs_strong\convnext_t\seed1234
[05:34:12] splits: train=644 val(source)=162 test77=418
[05:34:15] trainable=28.22M / total=28.22M  feat_dim=768 head_hidden=512 dropout=0.35
[05:34:15] epochs=100 steps/epoch=40 total_steps=4000 lr=0.0003 backbone_lr=5e-05 head_lr=0.0006 wd=0.05 batch=16 warmup_ep=3 ema_decay=0.995 ema_start=5 freeze_backbone_ep=5 grad_clip=1.0 mixup=0.2 aug=(intensity=0.1,noise=0.015,mask_p=0.5,mask_frac=0.08)
[05:34:31] ep 005/100 loss=1.0627 val_ema=0.5432/0.5260 test77_ema=0.1196/0.0414 lr_bb=0.00e+00 lr_head=5.99e-04
[05:34:36] ep 010/100 loss=0.5690 val_ema=0.9012/0.9012 test77_ema=0.1435/0.0360 lr_bb=4.94e-05 lr_head=5.92e-04
[05:34:43] ep 015/100 loss=0.4644 val_ema=0.9568/0.9570 test77_ema=0.1435/0.0359 lr_bb=4.81e-05 lr_head=5.78e-04
[05:34:49] ep 020/100 loss=0.5315 val_ema=0.9691/0.9690 test77_ema=0.1435/0.0359 lr_bb=4.63e-05 lr_head=5.56e-04
[05:34:54] ep 025/100 loss=0.4530 val_ema=0.9877/0.9878 test77_ema=0.1555/0.0582 lr_bb=4.39e-05 lr_head=5.27e-04
[05:35:00] ep 030/100 loss=0.4809 val_ema=0.9815/0.9817 test77_ema=0.1579/0.0624 lr_bb=4.11e-05 lr_head=4.93e-04
[05:35:06] ep 035/100 loss=0.3947 val_ema=0.9877/0.9878 test77_ema=0.1651/0.0745 lr_bb=3.78e-05 lr_head=4.53e-04
[05:35:12] ep 040/100 loss=0.4424 val_ema=0.9877/0.9878 test77_ema=0.1555/0.0589 lr_bb=3.41e-05 lr_head=4.09e-04
[05:35:17] ep 045/100 loss=0.3459 val_ema=0.9877/0.9878 test77_ema=0.1579/0.0631 lr_bb=3.02e-05 lr_head=3.63e-04
[05:35:23] ep 050/100 loss=0.3463 val_ema=0.9877/0.9878 test77_ema=0.1651/0.0746 lr_bb=2.62e-05 lr_head=3.15e-04
[05:35:29] ep 055/100 loss=0.4057 val_ema=0.9877/0.9878 test77_ema=0.1818/0.0975 lr_bb=2.22e-05 lr_head=2.66e-04
[05:35:34] ep 060/100 loss=0.4850 val_ema=0.9877/0.9878 test77_ema=0.1866/0.1036 lr_bb=1.82e-05 lr_head=2.19e-04
[05:35:40] ep 065/100 loss=0.4278 val_ema=0.9877/0.9878 test77_ema=0.1914/0.1111 lr_bb=1.44e-05 lr_head=1.73e-04
[05:35:45] ep 070/100 loss=0.3809 val_ema=0.9815/0.9818 test77_ema=0.2105/0.1317 lr_bb=1.09e-05 lr_head=1.31e-04
[05:35:51] ep 075/100 loss=0.4548 val_ema=0.9877/0.9878 test77_ema=0.2177/0.1386 lr_bb=7.77e-06 lr_head=9.33e-05
[05:35:57] ep 080/100 loss=0.3956 val_ema=0.9877/0.9878 test77_ema=0.1962/0.1167 lr_bb=5.08e-06 lr_head=6.09e-05
[05:36:02] ep 085/100 loss=0.4207 val_ema=0.9877/0.9878 test77_ema=0.2153/0.1364 lr_bb=2.90e-06 lr_head=3.48e-05
[05:36:08] ep 090/100 loss=0.4102 val_ema=0.9877/0.9878 test77_ema=0.2273/0.1471 lr_bb=1.31e-06 lr_head=1.57e-05
[05:36:14] ep 095/100 loss=0.3093 val_ema=0.9877/0.9878 test77_ema=0.2368/0.1550 lr_bb=3.30e-07 lr_head=3.96e-06
[05:36:19] ep 100/100 loss=0.3763 val_ema=0.9877/0.9878 test77_ema=0.2368/0.1550 lr_bb=8.19e-12 lr_head=9.83e-11
