[05:47:24] backbone=vgg16_bn (vgg16_bn.tv_in1k) seed=31415 recipe=strong device=cuda run_dir=G:\zhanghe\Letter journal\EXPERIMENTSRESULT\REVISION_5090\public_baseline\runs_strong\vgg16_bn\seed31415
[05:47:24] splits: train=644 val(source)=162 test77=418
[05:47:27] trainable=136.38M / total=136.38M  feat_dim=4096 head_hidden=512 dropout=0.5
[05:47:27] epochs=100 steps/epoch=40 total_steps=4000 lr=0.0003 backbone_lr=5e-05 head_lr=0.0005 wd=0.01 batch=16 warmup_ep=3 ema_decay=0.995 ema_start=5 freeze_backbone_ep=10 grad_clip=1.0 mixup=0.2 aug=(intensity=0.1,noise=0.015,mask_p=0.5,mask_frac=0.08)
[05:47:35] ep 005/100 loss=1.1444 val_ema=0.3642/0.3396 test77_ema=0.0885/0.0514 lr_bb=0.00e+00 lr_head=4.99e-04
[05:47:44] ep 010/100 loss=0.9651 val_ema=0.7469/0.7506 test77_ema=0.2081/0.1478 lr_bb=0.00e+00 lr_head=4.94e-04
[05:47:52] ep 015/100 loss=0.5499 val_ema=0.9321/0.9305 test77_ema=0.1722/0.0829 lr_bb=4.81e-05 lr_head=4.81e-04
[05:48:00] ep 020/100 loss=0.3189 val_ema=0.9753/0.9748 test77_ema=0.1603/0.0685 lr_bb=4.63e-05 lr_head=4.63e-04
[05:48:08] ep 025/100 loss=0.3613 val_ema=0.9877/0.9871 test77_ema=0.1699/0.0828 lr_bb=4.39e-05 lr_head=4.39e-04
[05:48:16] ep 030/100 loss=0.3488 val_ema=0.9815/0.9806 test77_ema=0.1483/0.0816 lr_bb=4.11e-05 lr_head=4.11e-04
[05:48:24] ep 035/100 loss=0.3810 val_ema=0.9877/0.9878 test77_ema=0.1340/0.0913 lr_bb=3.78e-05 lr_head=3.78e-04
[05:48:33] ep 040/100 loss=0.3693 val_ema=0.9753/0.9748 test77_ema=0.1411/0.1033 lr_bb=3.41e-05 lr_head=3.41e-04
[05:48:41] ep 045/100 loss=0.3360 val_ema=0.9815/0.9810 test77_ema=0.1818/0.1099 lr_bb=3.02e-05 lr_head=3.02e-04
[05:48:49] ep 050/100 loss=0.3167 val_ema=0.9691/0.9681 test77_ema=0.2057/0.1144 lr_bb=2.62e-05 lr_head=2.62e-04
[05:48:57] ep 055/100 loss=0.3173 val_ema=0.9753/0.9744 test77_ema=0.2129/0.1144 lr_bb=2.22e-05 lr_head=2.22e-04
[05:49:05] ep 060/100 loss=0.2442 val_ema=0.9815/0.9806 test77_ema=0.2344/0.1159 lr_bb=1.82e-05 lr_head=1.82e-04
[05:49:14] ep 065/100 loss=0.2177 val_ema=0.9815/0.9806 test77_ema=0.2297/0.1162 lr_bb=1.44e-05 lr_head=1.44e-04
[05:49:22] ep 070/100 loss=0.2642 val_ema=0.9877/0.9868 test77_ema=0.2177/0.1128 lr_bb=1.09e-05 lr_head=1.09e-04
[05:49:30] ep 075/100 loss=0.2591 val_ema=0.9938/0.9935 test77_ema=0.2010/0.1081 lr_bb=7.77e-06 lr_head=7.77e-05
[05:49:38] ep 080/100 loss=0.2752 val_ema=0.9815/0.9810 test77_ema=0.1962/0.1058 lr_bb=5.08e-06 lr_head=5.08e-05
[05:49:46] ep 085/100 loss=0.2739 val_ema=0.9815/0.9810 test77_ema=0.1938/0.1053 lr_bb=2.90e-06 lr_head=2.90e-05
[05:49:54] ep 090/100 loss=0.3397 val_ema=0.9815/0.9810 test77_ema=0.1986/0.1079 lr_bb=1.31e-06 lr_head=1.31e-05
[05:50:03] ep 095/100 loss=0.2344 val_ema=0.9815/0.9810 test77_ema=0.1938/0.1065 lr_bb=3.30e-07 lr_head=3.30e-06
[05:50:11] ep 100/100 loss=0.2459 val_ema=0.9753/0.9748 test77_ema=0.1962/0.1070 lr_bb=8.19e-12 lr_head=8.19e-11
